======================================================================
SOBDN SANDBOX -- BASELINE EXPERIMENT: EMBODIED FOOD-SEEKING
======================================================================
Cycles: 4000 | seed=1 | grid=40^3
Seed population: {'sensor': 3, 'motor': 2, 'inter': 40}

cycle    500 | pop=   43 (inter=   38) | mean_E= 11.04 | edges=   233 | path_hops=1 live=0.000 | dist_food= 20.82 | eaten=  0 | hazard_hits=  0 | step_ms=2.49
cycle   1000 | pop=  104 (inter=   99) | mean_E= 12.77 | edges=   552 | path_hops=1 live=0.000 | dist_food= 26.84 | eaten=  0 | hazard_hits=  0 | step_ms=8.40
cycle   1500 | pop=  220 (inter=  215) | mean_E= 12.78 | edges=  1170 | path_hops=1 live=0.000 | dist_food= 28.63 | eaten=  0 | hazard_hits=  0 | step_ms=6.37
cycle   2000 | pop=  445 (inter=  440) | mean_E= 11.69 | edges=  2301 | path_hops=1 live=0.000 | dist_food= 27.55 | eaten=  0 | hazard_hits=  0 | step_ms=15.58
cycle   2500 | pop=  786 (inter=  781) | mean_E= 10.93 | edges=  3984 | path_hops=1 live=0.000 | dist_food= 37.04 | eaten=  0 | hazard_hits=  0 | step_ms=31.65
cycle   3000 | pop= 1283 (inter= 1278) | mean_E= 10.51 | edges=  6303 | path_hops=1 live=0.000 | dist_food= 36.46 | eaten=  0 | hazard_hits=  0 | step_ms=50.37
cycle   3500 | pop= 1899 (inter= 1894) | mean_E= 10.19 | edges=  9486 | path_hops=1 live=0.000 | dist_food= 36.21 | eaten=  0 | hazard_hits=  0 | step_ms=87.13
cycle   4000 | pop= 2696 (inter= 2691) | mean_E=  9.86 | edges= 13411 | path_hops=1 live=0.000 | dist_food= 33.24 | eaten=  0 | hazard_hits=  0 | step_ms=185.96

======================================================================
RUN COMPLETE
======================================================================
Total wall-clock time: 148.8s for 4000 cycles (26.9 cycles/s average)

Criteria:
  PASS  population_survived
  PASS  population_bounded
  PASS  sensorimotor_bridge_formed
  FAIL  distance_trending_down_or_food_eaten
  PASS  stayed_usably_fast

Final population: 2696 | food eaten: 0 | hazard hits: 0 | max_pop safety valve hit: False
Late-run distance-to-food trend: +0.0853 per logged step (not improving)

Saved plot to outputs/baseline_run.png
