======================================================================
SOBDN SANDBOX -- LEARNING WALL EXPERIMENT [A2: evolvable-spontaneity (+ mp tracking)]
(population capped at 150, spontaneity heritable/evolvable)
======================================================================
Cycles: 20000 | seed=7

cycle   2500 | pop= 150 | mean_dist(window)= 17.22 | eaten(window)= 0 | eaten(total)=  0 | direct_edges= 0 mean_w=0.000 | path_hops=2 live=0.000 | mean_spontaneity=0.0113 mean_v_thresh=0.859
cycle   5000 | pop= 150 | mean_dist(window)= 24.14 | eaten(window)= 0 | eaten(total)=  0 | direct_edges= 0 mean_w=0.000 | path_hops=2 live=0.000 | mean_spontaneity=0.0113 mean_v_thresh=0.861
cycle   7500 | pop= 150 | mean_dist(window)= 22.58 | eaten(window)= 0 | eaten(total)=  0 | direct_edges= 0 mean_w=0.000 | path_hops=2 live=0.000 | mean_spontaneity=0.0113 mean_v_thresh=0.861
cycle  10000 | pop= 150 | mean_dist(window)= 25.70 | eaten(window)= 0 | eaten(total)=  0 | direct_edges= 0 mean_w=0.000 | path_hops=2 live=0.000 | mean_spontaneity=0.0112 mean_v_thresh=0.862
cycle  12500 | pop= 150 | mean_dist(window)= 25.26 | eaten(window)= 0 | eaten(total)=  0 | direct_edges= 0 mean_w=0.000 | path_hops=2 live=0.002 | mean_spontaneity=0.0111 mean_v_thresh=0.863
cycle  15000 | pop= 150 | mean_dist(window)= 33.46 | eaten(window)= 0 | eaten(total)=  0 | direct_edges= 0 mean_w=0.000 | path_hops=2 live=0.003 | mean_spontaneity=0.0111 mean_v_thresh=0.863
cycle  17500 | pop= 150 | mean_dist(window)= 37.87 | eaten(window)= 0 | eaten(total)=  0 | direct_edges= 0 mean_w=0.000 | path_hops=2 live=0.000 | mean_spontaneity=0.0111 mean_v_thresh=0.863
cycle  20000 | pop= 150 | mean_dist(window)= 27.08 | eaten(window)= 0 | eaten(total)=  0 | direct_edges= 0 mean_w=0.000 | path_hops=2 live=0.162 | mean_spontaneity=0.0111 mean_v_thresh=0.863

Total wall-clock: 74.6s (268.0 cycles/s average)

======================================================================
FIRST HALF vs SECOND HALF OF THE RUN [A2: evolvable-spontaneity (+ mp tracking)]
======================================================================
Mean distance-to-food:  first half=20.85  second half=30.90  (did not improve)
Food eaten:             first half=0  second half=0  (did not improve)
Mean direct sensor->motor weight: first=0.000 -> last=0.000
Mean spontaneity (genome): first=0.0137 -> last=0.0111
Mean v_thresh (genome):    first=0.877 -> last=0.863
Mean mp_beta (genome, intrinsic-plasticity direction): first=-0.1257 -> last=-0.1458 (more negative = more facilitating/easier to keep firing)
Mean mp_gamma (genome, adaptation decay): first=0.8786 -> last=0.8715
Fraction of logged cycles with ANY sensor->motor path:  100.0%
Fraction of logged cycles with a LIVE sensor->motor path: 40.0%

Saved plot to outputs/followup_A2_mp_drift.png
======================================================================
SOBDN SANDBOX -- LEARNING WALL EXPERIMENT [D: fixed-spontaneity, reward DISABLED]
(population capped at 150, spontaneity fixed at 0.02)
======================================================================
Cycles: 20000 | seed=7

cycle   2500 | pop= 150 | mean_dist(window)= 17.48 | eaten(window)= 0 | eaten(total)=  0 | direct_edges= 0 mean_w=0.000 | path_hops=3 live=0.052 | mean_spontaneity=0.0200 mean_v_thresh=0.878
cycle   5000 | pop= 150 | mean_dist(window)= 14.93 | eaten(window)= 0 | eaten(total)=  0 | direct_edges= 0 mean_w=0.000 | path_hops=4 live=0.050 | mean_spontaneity=0.0200 mean_v_thresh=0.886
cycle   7500 | pop= 150 | mean_dist(window)= 15.06 | eaten(window)= 0 | eaten(total)=  0 | direct_edges= 0 mean_w=0.000 | path_hops=4 live=0.003 | mean_spontaneity=0.0200 mean_v_thresh=0.899
cycle  10000 | pop= 150 | mean_dist(window)= 15.65 | eaten(window)= 0 | eaten(total)=  0 | direct_edges= 0 mean_w=0.000 | path_hops=4 live=0.000 | mean_spontaneity=0.0200 mean_v_thresh=0.903
cycle  12500 | pop= 150 | mean_dist(window)= 14.59 | eaten(window)= 0 | eaten(total)=  0 | direct_edges= 0 mean_w=0.000 | path_hops=4 live=0.034 | mean_spontaneity=0.0200 mean_v_thresh=0.909
cycle  15000 | pop= 150 | mean_dist(window)= 12.11 | eaten(window)= 0 | eaten(total)=  0 | direct_edges= 0 mean_w=0.000 | path_hops=4 live=0.003 | mean_spontaneity=0.0200 mean_v_thresh=0.910
cycle  17500 | pop= 150 | mean_dist(window)= 12.76 | eaten(window)= 0 | eaten(total)=  0 | direct_edges= 0 mean_w=0.000 | path_hops=4 live=0.000 | mean_spontaneity=0.0200 mean_v_thresh=0.910
cycle  20000 | pop= 150 | mean_dist(window)= 14.92 | eaten(window)= 0 | eaten(total)=  0 | direct_edges= 0 mean_w=0.000 | path_hops=4 live=0.004 | mean_spontaneity=0.0200 mean_v_thresh=0.910

Total wall-clock: 65.0s (307.5 cycles/s average)

======================================================================
FIRST HALF vs SECOND HALF OF THE RUN [D: fixed-spontaneity, reward DISABLED]
======================================================================
Mean distance-to-food:  first half=16.13  second half=13.69  (improved)
Food eaten:             first half=0  second half=0  (did not improve)
Mean direct sensor->motor weight: first=0.000 -> last=0.000
Mean spontaneity (genome): first=0.0200 -> last=0.0200
Mean v_thresh (genome):    first=0.870 -> last=0.910
Mean mp_beta (genome, intrinsic-plasticity direction): first=-0.1295 -> last=-0.1326 (more negative = more facilitating/easier to keep firing)
Mean mp_gamma (genome, adaptation decay): first=0.8872 -> last=0.8683
Fraction of logged cycles with ANY sensor->motor path:  100.0%
Fraction of logged cycles with a LIVE sensor->motor path: 45.0%

Saved plot to outputs/followup_D_zero_reward.png
======================================================================
SOBDN SANDBOX -- LEARNING WALL EXPERIMENT [C: fixed-spontaneity, continuous shaping]
(population capped at 150, spontaneity fixed at 0.02)
======================================================================
Cycles: 20000 | seed=7

cycle   2500 | pop= 150 | mean_dist(window)= 33.22 | eaten(window)= 0 | eaten(total)=  0 | direct_edges= 0 mean_w=0.000 | path_hops=2 live=0.000 | mean_spontaneity=0.0200 mean_v_thresh=0.879
cycle   5000 | pop= 150 | mean_dist(window)= 34.47 | eaten(window)= 0 | eaten(total)=  0 | direct_edges= 3 mean_w=0.105 | path_hops=1 live=0.000 | mean_spontaneity=0.0200 mean_v_thresh=0.897
cycle   7500 | pop= 150 | mean_dist(window)= 34.56 | eaten(window)= 0 | eaten(total)=  0 | direct_edges= 3 mean_w=0.103 | path_hops=1 live=0.000 | mean_spontaneity=0.0200 mean_v_thresh=0.897
cycle  10000 | pop= 150 | mean_dist(window)= 36.08 | eaten(window)= 0 | eaten(total)=  0 | direct_edges= 3 mean_w=0.102 | path_hops=1 live=0.000 | mean_spontaneity=0.0200 mean_v_thresh=0.901
cycle  12500 | pop= 150 | mean_dist(window)= 34.35 | eaten(window)= 0 | eaten(total)=  0 | direct_edges= 3 mean_w=0.103 | path_hops=1 live=0.000 | mean_spontaneity=0.0200 mean_v_thresh=0.901
cycle  15000 | pop= 150 | mean_dist(window)= 33.91 | eaten(window)= 0 | eaten(total)=  0 | direct_edges= 3 mean_w=0.103 | path_hops=1 live=0.000 | mean_spontaneity=0.0200 mean_v_thresh=0.901
cycle  17500 | pop= 150 | mean_dist(window)= 33.20 | eaten(window)= 0 | eaten(total)=  0 | direct_edges= 3 mean_w=0.105 | path_hops=1 live=0.000 | mean_spontaneity=0.0200 mean_v_thresh=0.901
cycle  20000 | pop= 150 | mean_dist(window)= 20.35 | eaten(window)= 0 | eaten(total)=  0 | direct_edges= 3 mean_w=0.143 | path_hops=1 live=0.000 | mean_spontaneity=0.0200 mean_v_thresh=0.901

Total wall-clock: 93.4s (214.1 cycles/s average)

======================================================================
FIRST HALF vs SECOND HALF OF THE RUN [C: fixed-spontaneity, continuous shaping]
======================================================================
Mean distance-to-food:  first half=32.41  second half=32.41  (did not improve)
Food eaten:             first half=0  second half=0  (did not improve)
Mean direct sensor->motor weight: first=0.000 -> last=0.143
Mean spontaneity (genome): first=0.0200 -> last=0.0200
Mean v_thresh (genome):    first=0.875 -> last=0.901
Mean mp_beta (genome, intrinsic-plasticity direction): first=-0.1277 -> last=-0.1182 (more negative = more facilitating/easier to keep firing)
Mean mp_gamma (genome, adaptation decay): first=0.8889 -> last=0.8822
Fraction of logged cycles with ANY sensor->motor path:  100.0%
Fraction of logged cycles with a LIVE sensor->motor path: 7.5%

Saved plot to outputs/followup_C_continuous_shaping.png
Regenerated A2, D, C plots with mp_beta/mp_gamma panel.
