RUN A: evolvable spontaneity (replicates the original learning_wall run)

======================================================================
SOBDN SANDBOX -- LEARNING WALL EXPERIMENT [A: evolvable-spontaneity]
(population capped at 150, spontaneity heritable/evolvable)
======================================================================
Cycles: 20000 | seed=7

cycle   2500 | pop= 150 | mean_dist(window)= 17.22 | eaten(window)= 0 | eaten(total)=  0 | direct_edges= 0 mean_w=0.000 | path_hops=2 live=0.000 | mean_spontaneity=0.0113 mean_v_thresh=0.859
cycle   5000 | pop= 150 | mean_dist(window)= 24.14 | eaten(window)= 0 | eaten(total)=  0 | direct_edges= 0 mean_w=0.000 | path_hops=2 live=0.000 | mean_spontaneity=0.0113 mean_v_thresh=0.861
cycle   7500 | pop= 150 | mean_dist(window)= 22.58 | eaten(window)= 0 | eaten(total)=  0 | direct_edges= 0 mean_w=0.000 | path_hops=2 live=0.000 | mean_spontaneity=0.0113 mean_v_thresh=0.861
cycle  10000 | pop= 150 | mean_dist(window)= 25.70 | eaten(window)= 0 | eaten(total)=  0 | direct_edges= 0 mean_w=0.000 | path_hops=2 live=0.000 | mean_spontaneity=0.0112 mean_v_thresh=0.862
cycle  12500 | pop= 150 | mean_dist(window)= 25.26 | eaten(window)= 0 | eaten(total)=  0 | direct_edges= 0 mean_w=0.000 | path_hops=2 live=0.002 | mean_spontaneity=0.0111 mean_v_thresh=0.863
cycle  15000 | pop= 150 | mean_dist(window)= 33.46 | eaten(window)= 0 | eaten(total)=  0 | direct_edges= 0 mean_w=0.000 | path_hops=2 live=0.003 | mean_spontaneity=0.0111 mean_v_thresh=0.863
cycle  17500 | pop= 150 | mean_dist(window)= 37.87 | eaten(window)= 0 | eaten(total)=  0 | direct_edges= 0 mean_w=0.000 | path_hops=2 live=0.000 | mean_spontaneity=0.0111 mean_v_thresh=0.863
cycle  20000 | pop= 150 | mean_dist(window)= 27.08 | eaten(window)= 0 | eaten(total)=  0 | direct_edges= 0 mean_w=0.000 | path_hops=2 live=0.162 | mean_spontaneity=0.0111 mean_v_thresh=0.863

Total wall-clock: 106.1s (188.5 cycles/s average)

======================================================================
FIRST HALF vs SECOND HALF OF THE RUN [A: evolvable-spontaneity]
======================================================================
Mean distance-to-food:  first half=20.85  second half=30.90  (did not improve)
Food eaten:             first half=0  second half=0  (did not improve)
Mean direct sensor->motor weight: first=0.000 -> last=0.000
Mean spontaneity (genome): first=0.0137 -> last=0.0111
Mean v_thresh (genome):    first=0.877 -> last=0.863
Fraction of logged cycles with ANY sensor->motor path:  100.0%
Fraction of logged cycles with a LIVE sensor->motor path: 40.0%

Saved plot to outputs/ablation_A_evolvable.png


RUN B: spontaneity fixed at 0.02 for every neuron, immune to selection

======================================================================
SOBDN SANDBOX -- LEARNING WALL EXPERIMENT [B: fixed-spontaneity]
(population capped at 150, spontaneity fixed at 0.02)
======================================================================
Cycles: 20000 | seed=7

cycle   2500 | pop= 150 | mean_dist(window)= 18.23 | eaten(window)= 0 | eaten(total)=  0 | direct_edges= 0 mean_w=0.000 | path_hops=3 live=0.000 | mean_spontaneity=0.0200 mean_v_thresh=0.884
cycle   5000 | pop= 150 | mean_dist(window)= 39.25 | eaten(window)= 0 | eaten(total)=  0 | direct_edges= 0 mean_w=0.000 | path_hops=4 live=0.001 | mean_spontaneity=0.0200 mean_v_thresh=0.916
cycle   7500 | pop= 150 | mean_dist(window)= 37.60 | eaten(window)= 0 | eaten(total)=  0 | direct_edges= 0 mean_w=0.000 | path_hops=4 live=0.067 | mean_spontaneity=0.0200 mean_v_thresh=0.916
cycle  10000 | pop= 150 | mean_dist(window)= 36.19 | eaten(window)= 0 | eaten(total)=  0 | direct_edges= 0 mean_w=0.000 | path_hops=4 live=0.053 | mean_spontaneity=0.0200 mean_v_thresh=0.918
cycle  12500 | pop= 150 | mean_dist(window)= 38.53 | eaten(window)= 0 | eaten(total)=  0 | direct_edges= 1 mean_w=0.176 | path_hops=1 live=0.000 | mean_spontaneity=0.0200 mean_v_thresh=0.918
cycle  15000 | pop= 150 | mean_dist(window)= 37.62 | eaten(window)= 0 | eaten(total)=  0 | direct_edges= 1 mean_w=0.176 | path_hops=1 live=0.000 | mean_spontaneity=0.0200 mean_v_thresh=0.921
cycle  17500 | pop= 150 | mean_dist(window)= 37.17 | eaten(window)= 0 | eaten(total)=  0 | direct_edges= 1 mean_w=0.204 | path_hops=1 live=0.000 | mean_spontaneity=0.0200 mean_v_thresh=0.923
cycle  20000 | pop= 150 | mean_dist(window)= 37.92 | eaten(window)= 0 | eaten(total)=  0 | direct_edges= 1 mean_w=0.205 | path_hops=1 live=0.000 | mean_spontaneity=0.0200 mean_v_thresh=0.923

Total wall-clock: 127.0s (157.5 cycles/s average)

======================================================================
FIRST HALF vs SECOND HALF OF THE RUN [B: fixed-spontaneity]
======================================================================
Mean distance-to-food:  first half=27.87  second half=37.43  (did not improve)
Food eaten:             first half=0  second half=0  (did not improve)
Mean direct sensor->motor weight: first=0.000 -> last=0.205
Mean spontaneity (genome): first=0.0200 -> last=0.0200
Mean v_thresh (genome):    first=0.882 -> last=0.923
Fraction of logged cycles with ANY sensor->motor path:  100.0%
Fraction of logged cycles with a LIVE sensor->motor path: 30.0%

Saved plot to outputs/ablation_B_fixed.png

==============================================================================
ABLATION VERDICT
==============================================================================
metric                                     A: evolvable         B: fixed
dist-to-food, first half                          20.85            27.87
dist-to-food, second half                         30.90            37.43
change (negative = improved)                     +10.04            +9.55
total food eaten                                      0                0
% logged cycles with ANY path                    100.0%           100.0%
% logged cycles with LIVE path                    40.0%            30.0%

VERDICT: fixing spontaneity did NOT meaningfully change the outcome --
the blocker is deeper than the noise floor. Most likely culprit per the
path-liveness data above: still no LIVE sensor->motor bridge forming,
so no amount of exploration noise has anything to reinforce.
